taskmaster@LAPTOP-44JO38V4:/mnt/d$ pwd
/mnt/d
taskmaster@LAPTOP-44JO38V4:/mnt/d$ ls
'$RECYCLE.BIN'                    'Phone backup'                  dControl.zip
'Advanced Programming II Python'  'Project Presentation Images'   dna_text_files
 Anaconda                          RNA_sequencing                 etenbr_tools
 Audio                             RStudio                        inSCIgnis
 Bioinformatics                    R_files                        photos
'Books and Journals'              'STEM Eclipse'                  python
 Custom_R_packages                 Sequator                       scikit_learn_script
 Github                           'System Volume Information'     shell_scripting
 PPT                               TIIP                           u-p-directory
'Perl files'                       dControl
taskmaster@LAPTOP-44JO38V4:/mnt/d$ cd 'u-p-directory'
taskmaster@LAPTOP-44JO38V4:/mnt/d/u-p-directory$ pwd
/mnt/d/u-p-directory
taskmaster@LAPTOP-44JO38V4:/mnt/d/u-p-directory$ cd ..
taskmaster@LAPTOP-44JO38V4:/mnt/d$ pwd
/mnt/d
taskmaster@LAPTOP-44JO38V4:/mnt/d$ cd ../..
taskmaster@LAPTOP-44JO38V4:/$ pwd
/
taskmaster@LAPTOP-44JO38V4:/$ cd /mnt/d
taskmaster@LAPTOP-44JO38V4:/mnt/d$ cd ../'Perl files'
-bash: cd: ../Perl files: No such file or directory
taskmaster@LAPTOP-44JO38V4:/mnt/d$ cd 'u-p-directory'
taskmaster@LAPTOP-44JO38V4:/mnt/d/u-p-directory$ cd ../'Perl files'
taskmaster@LAPTOP-44JO38V4:/mnt/d/Perl files$ cd /
taskmaster@LAPTOP-44JO38V4:/$ pwd
/
taskmaster@LAPTOP-44JO38V4:/$ cd ~
taskmaster@LAPTOP-44JO38V4:~$ pwd
/home/taskmaster
taskmaster@LAPTOP-44JO38V4:~$ cd /
taskmaster@LAPTOP-44JO38V4:/$ pwd
/
taskmaster@LAPTOP-44JO38V4:/$ cd
taskmaster@LAPTOP-44JO38V4:~$ pwd
/home/taskmaster
taskmaster@LAPTOP-44JO38V4:~$
taskmaster@LAPTOP-44JO38V4:~$ cd /mnt/d
taskmaster@LAPTOP-44JO38V4:/mnt/d$ ls ../../..
bin   dev  home  lib    lib64   lost+found  mnt  proc  run   snap  sys  usr
boot  etc  init  lib32  libx32  media       opt  root  sbin  srv   tmp  var
taskmaster@LAPTOP-44JO38V4:/mnt/d$ cd 'Perl files'
taskmaster@LAPTOP-44JO38V4:/mnt/d/Perl files$ ls -l
total 4692
-rwxrwxrwx 1 taskmaster taskmaster    3207 Oct  6 14:12 E_coli_laz_z_g_363231_366305.fasta
-rwxrwxrwx 1 taskmaster taskmaster     503 Dec 17  2020 MBI18008_BI339_endterm.pl
-rwxrwxrwx 1 taskmaster taskmaster     734 Dec 13  2020 MBI18008_start_stop_codon.pl
-rwxrwxrwx 1 taskmaster taskmaster 4708035 Dec 13  2020 NC_000913.fna
-rwxrwxrwx 1 taskmaster taskmaster    3075 Oct  6 14:14 NC_000913_reverse.txt
-rwxrwxrwx 1 taskmaster taskmaster     417 Jun  5 23:21 Project_Polyxia_1.pl
-rwxrwxrwx 1 taskmaster taskmaster     615 Jun  6 00:40 Project_Polyxia_2.pl
-rwxrwxrwx 1 taskmaster taskmaster     824 Jun  5 23:35 Project_Polyxia_3.pl
-rwxrwxrwx 1 taskmaster taskmaster    1587 Jun  5 23:05 Project_Polyxia_4.pl
-rwxrwxrwx 1 taskmaster taskmaster    4143 Jan 23  2021 Project_Polyxia_5.pl
-rwxrwxrwx 1 taskmaster taskmaster   12943 Jan  8  2021 Project_Polyxia_SL-6.pl
-rwxrwxrwx 1 taskmaster taskmaster    2096 Jun  8 22:12 Project_Polyxia_SL-7.pl
-rwxrwxrwx 1 taskmaster taskmaster     114 Oct  1 16:01 SL_15.txt
-rwxrwxrwx 1 taskmaster taskmaster     853 Oct 15 18:45 Semester_7_Var_array.pl
-rwxrwxrwx 1 taskmaster taskmaster    1137 Dec 13  2020 dinucleotide_energy_calc.pl
-rwxrwxrwx 1 taskmaster taskmaster      96 Oct  2 16:04 file_change.pl
-rwxrwxrwx 1 taskmaster taskmaster     309 Dec 16  2020 g_quadruplex_calc.pl
-rwxrwxrwx 1 taskmaster taskmaster       0 Oct 13 18:40 laz_z_reverse_01.txt
-rwxrwxrwx 1 taskmaster taskmaster       0 Oct 15 18:46 laz_z_reverse_02.txt
-rwxrwxrwx 1 taskmaster taskmaster    3445 Oct 15 18:46 laz_z_reverse_03.txt
-rwxrwxrwx 1 taskmaster taskmaster    3445 Oct 15 19:34 laz_z_reverse_04.fasta
-rwxrwxrwx 1 taskmaster taskmaster    3445 Oct 15 19:31 laz_z_reverse_04.txt
-rwxrwxrwx 1 taskmaster taskmaster    1444 Dec 13  2020 loop_in_perl.pl
-rwxrwxrwx 1 taskmaster taskmaster     506 Sep 21 11:08 new.pl
-rwxrwxrwx 1 taskmaster taskmaster     711 Dec  5  2020 perl_file_analysis.pl
-rwxrwxrwx 1 taskmaster taskmaster     429 Dec  7  2020 perl_file_handling.pl
-rwxrwxrwx 1 taskmaster taskmaster     694 Sep  7 22:27 roa1.fasta
-rwxrwxrwx 1 taskmaster taskmaster      57 Dec 12  2020 sample_sequence.fna
-rwxrwxrwx 1 taskmaster taskmaster    1076 Oct  1 16:02 script_4.txt
-rwxrwxrwx 1 taskmaster taskmaster     656 Oct  7 01:05 sequence_reverse.pl
-rwxrwxrwx 1 taskmaster taskmaster     657 Oct 13 18:43 sequence_reverse_2
-rwxrwxrwx 1 taskmaster taskmaster     638 Oct 15 19:34 sequence_reverse_4.pl
-rwxrwxrwx 1 taskmaster taskmaster    1697 Dec 13  2020 substr_hash_sort_counting.pl
-rwxrwxrwx 1 taskmaster taskmaster     283 Dec 24  2020 tr_operator.pl
-rwxrwxrwx 1 taskmaster taskmaster      79 Dec 13  2020 trf.txt
taskmaster@LAPTOP-44JO38V4:/mnt/d/Perl files$ ls -R
.:
E_coli_laz_z_g_363231_366305.fasta  SL_15.txt                    perl_file_analysis.pl
MBI18008_BI339_endterm.pl           Semester_7_Var_array.pl      perl_file_handling.pl
MBI18008_start_stop_codon.pl        dinucleotide_energy_calc.pl  roa1.fasta
NC_000913.fna                       file_change.pl               sample_sequence.fna
NC_000913_reverse.txt               g_quadruplex_calc.pl         script_4.txt
Project_Polyxia_1.pl                laz_z_reverse_01.txt         sequence_reverse.pl
Project_Polyxia_2.pl                laz_z_reverse_02.txt         sequence_reverse_2
Project_Polyxia_3.pl                laz_z_reverse_03.txt         sequence_reverse_4.pl
Project_Polyxia_4.pl                laz_z_reverse_04.fasta       substr_hash_sort_counting.pl
Project_Polyxia_5.pl                laz_z_reverse_04.txt         tr_operator.pl
Project_Polyxia_SL-6.pl             loop_in_perl.pl              trf.txt
Project_Polyxia_SL-7.pl             new.pl
taskmaster@LAPTOP-44JO38V4:/mnt/d/Perl files$ ls -l -t -r
total 4692
-rwxrwxrwx 1 taskmaster taskmaster     711 Dec  5  2020 perl_file_analysis.pl
-rwxrwxrwx 1 taskmaster taskmaster     429 Dec  7  2020 perl_file_handling.pl
-rwxrwxrwx 1 taskmaster taskmaster      57 Dec 12  2020 sample_sequence.fna
-rwxrwxrwx 1 taskmaster taskmaster    1697 Dec 13  2020 substr_hash_sort_counting.pl
-rwxrwxrwx 1 taskmaster taskmaster    1444 Dec 13  2020 loop_in_perl.pl
-rwxrwxrwx 1 taskmaster taskmaster 4708035 Dec 13  2020 NC_000913.fna
-rwxrwxrwx 1 taskmaster taskmaster    1137 Dec 13  2020 dinucleotide_energy_calc.pl
-rwxrwxrwx 1 taskmaster taskmaster     734 Dec 13  2020 MBI18008_start_stop_codon.pl
-rwxrwxrwx 1 taskmaster taskmaster      79 Dec 13  2020 trf.txt
-rwxrwxrwx 1 taskmaster taskmaster     309 Dec 16  2020 g_quadruplex_calc.pl
-rwxrwxrwx 1 taskmaster taskmaster     503 Dec 17  2020 MBI18008_BI339_endterm.pl
-rwxrwxrwx 1 taskmaster taskmaster     283 Dec 24  2020 tr_operator.pl
-rwxrwxrwx 1 taskmaster taskmaster   12943 Jan  8  2021 Project_Polyxia_SL-6.pl
-rwxrwxrwx 1 taskmaster taskmaster    4143 Jan 23  2021 Project_Polyxia_5.pl
-rwxrwxrwx 1 taskmaster taskmaster    1587 Jun  5 23:05 Project_Polyxia_4.pl
-rwxrwxrwx 1 taskmaster taskmaster     417 Jun  5 23:21 Project_Polyxia_1.pl
-rwxrwxrwx 1 taskmaster taskmaster     824 Jun  5 23:35 Project_Polyxia_3.pl
-rwxrwxrwx 1 taskmaster taskmaster     615 Jun  6 00:40 Project_Polyxia_2.pl
-rwxrwxrwx 1 taskmaster taskmaster    2096 Jun  8 22:12 Project_Polyxia_SL-7.pl
-rwxrwxrwx 1 taskmaster taskmaster     694 Sep  7 22:27 roa1.fasta
-rwxrwxrwx 1 taskmaster taskmaster     506 Sep 21 11:08 new.pl
-rwxrwxrwx 1 taskmaster taskmaster     114 Oct  1 16:01 SL_15.txt
-rwxrwxrwx 1 taskmaster taskmaster    1076 Oct  1 16:02 script_4.txt
-rwxrwxrwx 1 taskmaster taskmaster      96 Oct  2 16:04 file_change.pl
-rwxrwxrwx 1 taskmaster taskmaster    3207 Oct  6 14:12 E_coli_laz_z_g_363231_366305.fasta
-rwxrwxrwx 1 taskmaster taskmaster    3075 Oct  6 14:14 NC_000913_reverse.txt
-rwxrwxrwx 1 taskmaster taskmaster     656 Oct  7 01:05 sequence_reverse.pl
-rwxrwxrwx 1 taskmaster taskmaster       0 Oct 13 18:40 laz_z_reverse_01.txt
-rwxrwxrwx 1 taskmaster taskmaster     657 Oct 13 18:43 sequence_reverse_2
-rwxrwxrwx 1 taskmaster taskmaster     853 Oct 15 18:45 Semester_7_Var_array.pl
-rwxrwxrwx 1 taskmaster taskmaster       0 Oct 15 18:46 laz_z_reverse_02.txt
-rwxrwxrwx 1 taskmaster taskmaster    3445 Oct 15 18:46 laz_z_reverse_03.txt
-rwxrwxrwx 1 taskmaster taskmaster    3445 Oct 15 19:31 laz_z_reverse_04.txt
-rwxrwxrwx 1 taskmaster taskmaster     638 Oct 15 19:34 sequence_reverse_4.pl
-rwxrwxrwx 1 taskmaster taskmaster    3445 Oct 15 19:34 laz_z_reverse_04.fasta
taskmaster@LAPTOP-44JO38V4:/mnt/d/Perl files$ ls -lh
total 4.6M
-rwxrwxrwx 1 taskmaster taskmaster 3.2K Oct  6 14:12 E_coli_laz_z_g_363231_366305.fasta
-rwxrwxrwx 1 taskmaster taskmaster  503 Dec 17  2020 MBI18008_BI339_endterm.pl
-rwxrwxrwx 1 taskmaster taskmaster  734 Dec 13  2020 MBI18008_start_stop_codon.pl
-rwxrwxrwx 1 taskmaster taskmaster 4.5M Dec 13  2020 NC_000913.fna
-rwxrwxrwx 1 taskmaster taskmaster 3.1K Oct  6 14:14 NC_000913_reverse.txt
-rwxrwxrwx 1 taskmaster taskmaster  417 Jun  5 23:21 Project_Polyxia_1.pl
-rwxrwxrwx 1 taskmaster taskmaster  615 Jun  6 00:40 Project_Polyxia_2.pl
-rwxrwxrwx 1 taskmaster taskmaster  824 Jun  5 23:35 Project_Polyxia_3.pl
-rwxrwxrwx 1 taskmaster taskmaster 1.6K Jun  5 23:05 Project_Polyxia_4.pl
-rwxrwxrwx 1 taskmaster taskmaster 4.1K Jan 23  2021 Project_Polyxia_5.pl
-rwxrwxrwx 1 taskmaster taskmaster  13K Jan  8  2021 Project_Polyxia_SL-6.pl
-rwxrwxrwx 1 taskmaster taskmaster 2.1K Jun  8 22:12 Project_Polyxia_SL-7.pl
-rwxrwxrwx 1 taskmaster taskmaster  114 Oct  1 16:01 SL_15.txt
-rwxrwxrwx 1 taskmaster taskmaster  853 Oct 15 18:45 Semester_7_Var_array.pl
-rwxrwxrwx 1 taskmaster taskmaster 1.2K Dec 13  2020 dinucleotide_energy_calc.pl
-rwxrwxrwx 1 taskmaster taskmaster   96 Oct  2 16:04 file_change.pl
-rwxrwxrwx 1 taskmaster taskmaster  309 Dec 16  2020 g_quadruplex_calc.pl
-rwxrwxrwx 1 taskmaster taskmaster    0 Oct 13 18:40 laz_z_reverse_01.txt
-rwxrwxrwx 1 taskmaster taskmaster    0 Oct 15 18:46 laz_z_reverse_02.txt
-rwxrwxrwx 1 taskmaster taskmaster 3.4K Oct 15 18:46 laz_z_reverse_03.txt
-rwxrwxrwx 1 taskmaster taskmaster 3.4K Oct 15 19:34 laz_z_reverse_04.fasta
-rwxrwxrwx 1 taskmaster taskmaster 3.4K Oct 15 19:31 laz_z_reverse_04.txt
-rwxrwxrwx 1 taskmaster taskmaster 1.5K Dec 13  2020 loop_in_perl.pl
-rwxrwxrwx 1 taskmaster taskmaster  506 Sep 21 11:08 new.pl
-rwxrwxrwx 1 taskmaster taskmaster  711 Dec  5  2020 perl_file_analysis.pl
-rwxrwxrwx 1 taskmaster taskmaster  429 Dec  7  2020 perl_file_handling.pl
-rwxrwxrwx 1 taskmaster taskmaster  694 Sep  7 22:27 roa1.fasta
-rwxrwxrwx 1 taskmaster taskmaster   57 Dec 12  2020 sample_sequence.fna
-rwxrwxrwx 1 taskmaster taskmaster 1.1K Oct  1 16:02 script_4.txt
-rwxrwxrwx 1 taskmaster taskmaster  656 Oct  7 01:05 sequence_reverse.pl
-rwxrwxrwx 1 taskmaster taskmaster  657 Oct 13 18:43 sequence_reverse_2
-rwxrwxrwx 1 taskmaster taskmaster  638 Oct 15 19:34 sequence_reverse_4.pl
-rwxrwxrwx 1 taskmaster taskmaster 1.7K Dec 13  2020 substr_hash_sort_counting.pl
-rwxrwxrwx 1 taskmaster taskmaster  283 Dec 24  2020 tr_operator.pl
-rwxrwxrwx 1 taskmaster taskmaster   79 Dec 13  2020 trf.txt
taskmaster@LAPTOP-44JO38V4:/mnt/d/Perl files$ man ls
LS(1)                                       User Commands                                       LS(1)

NAME
       ls - list directory contents

SYNOPSIS
       ls [OPTION]... [FILE]...

DESCRIPTION
       List  information about the FILEs (the current directory by default).  Sort entries alphabeti‐
       cally if none of -cftuvSUX nor --sort is specified.

       Mandatory arguments to long options are mandatory for short options too.

       -a, --all
              do not ignore entries starting with .

       -A, --almost-all
              do not list implied . and ..

       --author
              with -l, print the author of each file

       -b, --escape
              print C-style escapes for nongraphic characters

       --block-size=SIZE
              with -l, scale sizes by SIZE when printing them; e.g., '--block-size=M'; see SIZE  for‐
              mat below

       -B, --ignore-backups
              do not list implied entries ending with ~

       -c     with  -lt:  sort by, and show, ctime (time of last modification of file status informa‐
              tion); with -l: show ctime and sort by name; otherwise: sort by ctime, newest first

       -C     list entries by columns

       --color[=WHEN]
              colorize the output; WHEN can be 'always' (default if  omitted),  'auto',  or  'never';
              more info below

       -d, --directory
              list directories themselves, not their contents

       -D, --dired
              generate output designed for Emacs' dired mode

 Manual page ls(1) line 1 (press h for help or q to quit)
taskmaster@LAPTOP-44JO38V4:/mnt/d/Perl files$ man cd
No manual entry for cd
taskmaster@LAPTOP-44JO38V4:/mnt/d/Perl files$ man man
MAN(1)                                    Manual pager utils                                   MAN(1)

NAME
       man - an interface to the system reference manuals

SYNOPSIS
       man [man options] [[section] page ...] ...
       man -k [apropos options] regexp ...
       man -K [man options] [section] term ...
       man -f [whatis options] page ...
       man -l [man options] file ...
       man -w|-W [man options] page ...

DESCRIPTION
       man  is  the system's manual pager.  Each page argument given to man is normally the name of a
       program, utility or function.  The manual page associated with each of these arguments is then
       found  and displayed.  A section, if provided, will direct man to look only in that section of
       the manual.  The default action is to search in all of the available sections following a pre-
       defined  order  (see  DEFAULTS), and to show only the first page found, even if page exists in
       several sections.

       The table below shows the section numbers of the manual followed by the types  of  pages  they
       contain.

       1   Executable programs or shell commands
       2   System calls (functions provided by the kernel)
       3   Library calls (functions within program libraries)
       4   Special files (usually found in /dev)
       5   File formats and conventions, e.g. /etc/passwd
       6   Games
       7   Miscellaneous (including macro packages and conventions), e.g. man(7), groff(7)
       8   System administration commands (usually only for root)
       9   Kernel routines [Non standard]

       A manual page consists of several sections.

       Conventional  section  names  include  NAME,  SYNOPSIS,  CONFIGURATION,  DESCRIPTION, OPTIONS,
       EXIT STATUS, RETURN VALUE, ERRORS, ENVIRONMENT, FILES, VERSIONS, CONFORMING TO,  NOTES,  BUGS,
       EXAMPLE, AUTHORS, and SEE ALSO.

       The  following  conventions  apply to the SYNOPSIS section and can be used as a guide in other
       sections.

       bold text          type exactly as shown.
       italic text        replace with appropriate argument.
       [-abc]             any or all arguments within [ ] are optional.
       -a|-b              options delimited by | cannot be used together.
       argument ...       argument is repeatable.
 Manual page man(1) line 1 (press h for help or q to quit)
taskmaster@LAPTOP-44JO38V4:/mnt/d/Perl files$ man ls
taskmaster@LAPTOP-44JO38V4:/mnt/d/Perl files$ man cd
No manual entry for cd
taskmaster@LAPTOP-44JO38V4:/mnt/d/Perl files$ man man
taskmaster@LAPTOP-44JO38V4:/mnt/d/Perl files$ cd ../'u-p-directory'
taskmaster@LAPTOP-44JO38V4:/mnt/d/u-p-directory$ mkdir f1 f2
taskmaster@LAPTOP-44JO38V4:/mnt/d/u-p-directory$ ls
f1  f2
taskmaster@LAPTOP-44JO38V4:/mnt/d/u-p-directory$ mkdir work1
taskmaster@LAPTOP-44JO38V4:/mnt/d/u-p-directory$ ls
f1  f2  work1
taskmaster@LAPTOP-44JO38V4:/mnt/d/u-p-directory$ cd work
-bash: cd: work: No such file or directory
taskmaster@LAPTOP-44JO38V4:/mnt/d/u-p-directory$ ls -R
.:
f1  f2  work1

./f1:

./f2:

./work1:
taskmaster@LAPTOP-44JO38V4:/mnt/d/u-p-directory$ ls -lh
total 0
drwxrwxrwx 1 taskmaster taskmaster 4.0K Oct 20 13:24 f1
drwxrwxrwx 1 taskmaster taskmaster 4.0K Oct 20 13:24 f2
drwxrwxrwx 1 taskmaster taskmaster 4.0K Oct 20 13:26 work1
taskmaster@LAPTOP-44JO38V4:/mnt/d/u-p-directory$ rmdir work1
taskmaster@LAPTOP-44JO38V4:/mnt/d/u-p-directory$ ls
f1  f2
taskmaster@LAPTOP-44JO38V4:/mnt/d/u-p-directory$ cd f1
taskmaster@LAPTOP-44JO38V4:/mnt/d/u-p-directory/f1$ touch heaven.txt earth.txt
taskmaster@LAPTOP-44JO38V4:/mnt/d/u-p-directory/f1$ ls
earth.txt  heaven.txt
taskmaster@LAPTOP-44JO38V4:/mnt/d/u-p-directory/f1$ mkdir Temo
taskmaster@LAPTOP-44JO38V4:/mnt/d/u-p-directory/f1$ mv heaven.txt Temo/
taskmaster@LAPTOP-44JO38V4:/mnt/d/u-p-directory/f1$ ls Temo
heaven.txt
taskmaster@LAPTOP-44JO38V4:/mnt/d/u-p-directory/f1$ mv *.txt Temo/
taskmaster@LAPTOP-44JO38V4:/mnt/d/u-p-directory/f1$ cd Temo
taskmaster@LAPTOP-44JO38V4:/mnt/d/u-p-directory/f1/Temo$ touch fit fat feet
taskmaster@LAPTOP-44JO38V4:/mnt/d/u-p-directory/f1/Temo$ ls f?t
fat  fit
taskmaster@LAPTOP-44JO38V4:/mnt/d/u-p-directory/f1/Temo$ ls f*t
fat  feet  fit
taskmaster@LAPTOP-44JO38V4:/mnt/d/u-p-directory/f1/Temo$ ls f??t
feet
taskmaster@LAPTOP-44JO38V4:/mnt/d/u-p-directory/f1/Temo$ cd ..
taskmaster@LAPTOP-44JO38V4:/mnt/d/u-p-directory/f1$ cd ..
taskmaster@LAPTOP-44JO38V4:/mnt/d/u-p-directory$ cd f1
taskmaster@LAPTOP-44JO38V4:/mnt/d/u-p-directory/f1$ cd ..
taskmaster@LAPTOP-44JO38V4:/mnt/d/u-p-directory$ ls
f1  f2
taskmaster@LAPTOP-44JO38V4:/mnt/d/u-p-directory$ mv Temo f2/
mv: cannot stat 'Temo': No such file or directory
taskmaster@LAPTOP-44JO38V4:/mnt/d/u-p-directory$ cd f1
taskmaster@LAPTOP-44JO38V4:/mnt/d/u-p-directory/f1$ ls
Temo
taskmaster@LAPTOP-44JO38V4:/mnt/d/u-p-directory/f1$ mv Temo f2/
taskmaster@LAPTOP-44JO38V4:/mnt/d/u-p-directory/f1$ ls
f2
taskmaster@LAPTOP-44JO38V4:/mnt/d/u-p-directory/f1$ cd ..
taskmaster@LAPTOP-44JO38V4:/mnt/d/u-p-directory$ ls
f1  f2
taskmaster@LAPTOP-44JO38V4:/mnt/d/u-p-directory$ cd f2
taskmaster@LAPTOP-44JO38V4:/mnt/d/u-p-directory/f2$ ls
taskmaster@LAPTOP-44JO38V4:/mnt/d/u-p-directory/f2$ cd ..
taskmaster@LAPTOP-44JO38V4:/mnt/d/u-p-directory$ cd f1
taskmaster@LAPTOP-44JO38V4:/mnt/d/u-p-directory/f1$ ls
f2
taskmaster@LAPTOP-44JO38V4:/mnt/d/u-p-directory/f1$ ls f2
earth.txt  fat  feet  fit  heaven.txt
taskmaster@LAPTOP-44JO38V4:/mnt/d/u-p-directory/f1$ ls
f2
